Microchip MPLAB XC8 Compiler V1.45 ()

Linker command line:

-W-3 --edf=C:\Program Files (x86)\Microchip\xc8\v1.45\dat\en_msgs.txt -cs \
  -h+dist/default/production\LEDControl.X.production.sym \
  --cmf=dist/default/production\LEDControl.X.production.cmf -z -Q16F1459 \
  -oC:\Users\Ethan\AppData\Local\Temp\sbik.2 \
  -Mdist/default/production/LEDControl.X.production.map -E1 -ver=XC8 \
  -ASTACK=0204Eh-023efh -pstack=STACK -ACODE=0C04h-0FFFh,01000h-017FFhx2 \
  -ASTRCODE=0C04h-01FFFh -ASTRING=0C04h-0CFFh,0D00h-0DFFhx19 \
  -ACONST=0C04h-0CFFh,0D00h-0DFFhx19 -AENTRY=0C04h-0CFFh,0D00h-0DFFhx19 \
  -ACOMMON=070h-07Fh -ABANK0=020h-06Fh -ABANK1=0A0h-0EFh \
  -ABANK2=0120h-016Fh -ABANK3=01A0h-01EFh -ABANK4=0220h-026Fh \
  -ABANK5=02A0h-02EFh -ABANK6=0320h-036Fh -ABANK7=03A0h-03EFh \
  -ABANK8=0420h-046Fh -ABANK9=04A0h-04EFh -ABANK10=0520h-056Fh \
  -ABANK11=05A0h-05EFh -ABANK12=0620h-064Fh -ABIGRAM=02000h-023EFh \
  -ARAM=020h-06Fh,0A0h-0EFh,0120h-016Fh,01A0h-01EFh,0220h-026Fh,02A0h-02EFh,0320h-036Fh,03A0h-03EFh,0420h-046Fh,04A0h-04EFh,0520h-056Fh,05A0h-05EFh,0620h-064Fh \
  -AABS1=020h-07Fh,0A0h-0EFh,0120h-016Fh,01A0h-01EFh,0220h-026Fh,02A0h-02EFh,0320h-036Fh,03A0h-03EFh,0420h-046Fh,04A0h-04EFh,0520h-056Fh,05A0h-05EFh,0620h-064Fh \
  -ASFR0=00h-01Fh -ASFR1=080h-09Fh -ASFR2=0100h-011Fh -ASFR3=0180h-019Fh \
  -ASFR4=0200h-021Fh -ASFR5=0280h-029Fh -ASFR6=0300h-031Fh \
  -ASFR7=0380h-039Fh -ASFR8=0400h-041Fh -ASFR9=0480h-049Fh \
  -ASFR10=0500h-051Fh -ASFR11=0580h-059Fh -ASFR12=0600h-061Fh \
  -ASFR13=0680h-06EFh -ASFR14=0700h-076Fh -ASFR15=0780h-07EFh \
  -ASFR16=0800h-086Fh -ASFR17=0880h-08EFh -ASFR18=0900h-096Fh \
  -ASFR19=0980h-09EFh -ASFR20=0A00h-0A6Fh -ASFR21=0A80h-0AEFh \
  -ASFR22=0B00h-0B6Fh -ASFR23=0B80h-0BEFh -ASFR24=0C00h-0C6Fh \
  -ASFR25=0C80h-0CEFh -ASFR26=0D00h-0D6Fh -ASFR27=0D80h-0DEFh \
  -ASFR28=0E00h-0E6Fh -ASFR29=0E80h-0EEFh -ASFR30=0F00h-0F6Fh \
  -ASFR31=0F80h-0FEFh -preset_vec=0C04h,intentry,init,end_init \
  -ppowerup=CODE -pcinit=CODE -pfunctab=ENTRY -ACONFIG=08007h-08008h \
  -pconfig=CONFIG -DCONFIG=2 -AIDLOC=08000h-08003h -pidloc=IDLOC -DIDLOC=2 \
  -DCODE=2 -DSTRCODE=2 -DSTRING=2 -DCONST=2 -DENTRY=2 -k \
  C:\Users\Ethan\AppData\Local\Temp\sbik.obj \
  dist/default/production\LEDControl.X.production.obj 

Object code version is 3.11

Machine type is 16F1459



                Name                               Link     Load   Length Selector   Space Scale
C:\Users\Ethan\AppData\Local\Temp\sbik.obj
                end_init                            C07      C07        2     1808       0
                reset_vec                           C04      C04        3     1808       0
                config                             8007     8007        2    1000E       0
dist/default/production\LEDControl.X.production.obj
                cinit                               FF5      FF5        B     1FEA       0
                text7                               CD3      CD3       52     19A6       0
                text6                               C9C      C9C       37     1938       0
                text5                               C46      C46        A     188C       0
                text4                               C50      C50       19     18A0       0
                text3                               D25      D25       A2     1A4A       0
                text2                               DC7      DC7       FB     1B8E       0
                text1                               C69      C69       33     18D2       0
                swtext1                             C09      C09       1E     1812       0
                maintext                            EC2      EC2      133     1D84       0
                cstackBANK0                          6B       6B        3       20       1
                cstackCOMMON                         70       70        D       70       1
                clrtext                             C40      C40        6     1880       0
                bssBANK0                             20       20       4B       20       1
                bssCOMMON                            7D       7D        1       70       1
                stringtext1                        1000     1000        1     2000       0

TOTAL           Name                               Link     Load   Length     Space
        CLASS   STACK          

        CLASS   CODE           
                end_init                            C07      C07        2         0
                cinit                               FF5      FF5        B         0
                reset_vec                           C04      C04        3         0
                text7                               CD3      CD3       52         0
                text6                               C9C      C9C       37         0
                text5                               C46      C46        A         0
                text4                               C50      C50       19         0
                text3                               D25      D25       A2         0
                text2                               DC7      DC7       FB         0
                text1                               C69      C69       33         0
                maintext                            EC2      EC2      133         0
                clrtext                             C40      C40        6         0

        CLASS   STRCODE        
                stringtext1                        1000     1000        1         0

        CLASS   STRING         

        CLASS   CONST          
                swtext1                             C09      C09       1E         0

        CLASS   ENTRY          

        CLASS   COMMON         
                cstackCOMMON                         70       70        D         1
                bssCOMMON                            7D       7D        1         1

        CLASS   BANK0          
                cstackBANK0                          6B       6B        3         1
                bssBANK0                             20       20       4B         1

        CLASS   BANK1          

        CLASS   BANK2          

        CLASS   BANK3          

        CLASS   BANK4          

        CLASS   BANK5          

        CLASS   BANK6          

        CLASS   BANK7          

        CLASS   BANK8          

        CLASS   BANK9          

        CLASS   BANK10         

        CLASS   BANK11         

        CLASS   BANK12         

        CLASS   BIGRAM         

        CLASS   RAM            

        CLASS   ABS1           
                abs_s1                               7E       7E        2         1

        CLASS   SFR0           

        CLASS   SFR1           

        CLASS   SFR2           

        CLASS   SFR3           

        CLASS   SFR4           

        CLASS   SFR5           

        CLASS   SFR6           

        CLASS   SFR7           

        CLASS   SFR8           

        CLASS   SFR9           

        CLASS   SFR10          

        CLASS   SFR11          

        CLASS   SFR12          

        CLASS   SFR13          

        CLASS   SFR14          

        CLASS   SFR15          

        CLASS   SFR16          

        CLASS   SFR17          

        CLASS   SFR18          

        CLASS   SFR19          

        CLASS   SFR20          

        CLASS   SFR21          

        CLASS   SFR22          

        CLASS   SFR23          

        CLASS   SFR24          

        CLASS   SFR25          

        CLASS   SFR26          

        CLASS   SFR27          

        CLASS   SFR28          

        CLASS   SFR29          

        CLASS   SFR30          

        CLASS   SFR31          

        CLASS   CONFIG         
                config                             8007     8007        2         0

        CLASS   IDLOC          

        CLASS   BANK31         

        CLASS   BANK30         

        CLASS   BANK29         

        CLASS   BANK28         

        CLASS   BANK27         

        CLASS   BANK26         

        CLASS   BANK25         

        CLASS   BANK24         

        CLASS   BANK23         

        CLASS   BANK22         

        CLASS   BANK21         

        CLASS   BANK20         

        CLASS   BANK19         

        CLASS   BANK18         

        CLASS   BANK17         

        CLASS   BANK16         

        CLASS   BANK15         

        CLASS   BANK14         

        CLASS   BANK13         

        CLASS   EEDATA         



SEGMENTS        Name                           Load    Length   Top    Selector   Space  Class     Delta

                bssBANK0                       000020  00004E  00006E        20       1  BANK0       1
                cstackCOMMON                   000070  00000E  00007E        70       1  COMMON      1
                reset_vec                      000C04  000005  000C09      1808       0  CODE        2
                swtext1                        000C09  00001E  000C27      1812       0  CONST       2
                clrtext                        000C40  000006  000C46      1880       0  CODE        2
                text5                          000C46  00000A  000C50      188C       0  CODE        2
                text4                          000C50  000019  000C69      18A0       0  CODE        2
                text1                          000C69  000033  000C9C      18D2       0  CODE        2
                text6                          000C9C  000037  000CD3      1938       0  CODE        2
                text7                          000CD3  000052  000D25      19A6       0  CODE        2
                text3                          000D25  0000A2  000DC7      1A4A       0  CODE        2
                text2                          000DC7  0000FB  000EC2      1B8E       0  CODE        2
                maintext                       000EC2  000133  000FF5      1D84       0  CODE        2
                cinit                          000FF5  00000B  001000      1FEA       0  CODE        2
                stringtext1                    001000  000001  001001      2000       0  STRCODE     2
                config                         008007  000002  008009     1000E       0  CONFIG      2


UNUSED ADDRESS RANGES

        Name                Unused          Largest block    Delta
        BANK0            0006E-0006F               2           1
        BANK1            000A0-000EF              50           1
        BANK10           00520-0056F              50           1
        BANK11           005A0-005EF              50           1
        BANK12           00620-0064F              30           1
        BANK2            00120-0016F              50           1
        BANK3            001A0-001EF              50           1
        BANK4            00220-0026F              50           1
        BANK5            002A0-002EF              50           1
        BANK6            00320-0036F              50           1
        BANK7            003A0-003EF              50           1
        BANK8            00420-0046F              50           1
        BANK9            004A0-004EF              50           1
        BIGRAM           02000-023EF             3F0           1
        CODE             00C27-00C3F              19           2
                         01001-01FFF             7FF
        CONST            00C27-00C3F              19           2
                         01001-01FFF             100
        ENTRY            00C27-00C3F              19           2
                         01001-01FFF             100
        IDLOC            08000-08003               4           2
        RAM              0006E-0006F               2           1
                         000A0-000EF              50
                         00120-0016F              50
                         001A0-001EF              50
                         00220-0026F              50
                         002A0-002EF              50
                         00320-0036F              50
                         003A0-003EF              50
                         00420-0046F              50
                         004A0-004EF              50
                         00520-0056F              50
                         005A0-005EF              50
                         00620-0064F              30
        SFR0             00000-0001F              20           1
        SFR1             00080-0009F              20           1
        SFR10            00500-0051F              20           1
        SFR11            00580-0059F              20           1
        SFR12            00600-0061F              20           1
        SFR13            00680-006EF              70           1
        SFR14            00700-0076F              70           1
        SFR15            00780-007EF              70           1
        SFR16            00800-0086F              70           1
        SFR17            00880-008EF              70           1
        SFR18            00900-0096F              70           1
        SFR19            00980-009EF              70           1
        SFR2             00100-0011F              20           1
        SFR20            00A00-00A6F              70           1
        SFR21            00A80-00AEF              70           1
        SFR22            00B00-00B6F              70           1
        SFR23            00B80-00BEF              70           1
        SFR24            00C00-00C6F              70           1
        SFR25            00C80-00CEF              70           1
        SFR26            00D00-00D6F              70           1
        SFR27            00D80-00DEF              70           1
        SFR28            00E00-00E6F              70           1
        SFR29            00E80-00EEF              70           1
        SFR3             00180-0019F              20           1
        SFR30            00F00-00F6F              70           1
        SFR31            00F80-00FEF              70           1
        SFR4             00200-0021F              20           1
        SFR5             00280-0029F              20           1
        SFR6             00300-0031F              20           1
        SFR7             00380-0039F              20           1
        SFR8             00400-0041F              20           1
        SFR9             00480-0049F              20           1
        STACK            0204E-023EF             3A2           1
        STRCODE          00C27-00C3F              19           2
                         01001-01FFF             FFF
        STRING           00C27-00C3F              19           2
                         01001-01FFF             100

                                  Symbol Table

_ACTCON                  (abs)        0039B
_ADCON0                  (abs)        0009D
_ADCON1                  (abs)        0009E
_ADCON2                  (abs)        0009F
_ANSELA                  (abs)        0018C
_ANSELB                  (abs)        0018D
_ANSELC                  (abs)        0018E
_LATA                    (abs)        0010C
_LATB                    (abs)        0010D
_LATC                    (abs)        0010E
_OPTION_REG              (abs)        00095
_OSCCON                  (abs)        00099
_PLLRDY                  (abs)        004D6
_RA3                     (abs)        00063
_RB4                     (abs)        0006C
_RB5                     (abs)        0006D
_RB6                     (abs)        0006E
_TRISA                   (abs)        0008C
_TRISB                   (abs)        0008D
_TRISC                   (abs)        0008E
__CFG_BOREN$ON           (abs)        00000
__CFG_BORV$LO            (abs)        00000
__CFG_CLKOUTEN$OFF       (abs)        00000
__CFG_CP$OFF             (abs)        00000
__CFG_CPUDIV$NOCLKDIV    (abs)        00000
__CFG_FCMEN$OFF          (abs)        00000
__CFG_FOSC$INTOSC        (abs)        00000
__CFG_IESO$OFF           (abs)        00000
__CFG_LPBOR$OFF          (abs)        00000
__CFG_LVP$OFF            (abs)        00000
__CFG_MCLRE$OFF          (abs)        00000
__CFG_PLLEN$ENABLED      (abs)        00000
__CFG_PLLMULT$3x         (abs)        00000
__CFG_PWRTE$ON           (abs)        00000
__CFG_STVREN$ON          (abs)        00000
__CFG_USBLSCLK$48MHz     (abs)        00000
__CFG_WDTE$OFF           (abs)        00000
__CFG_WRT$OFF            (abs)        00000
__Habs1                  abs1         00000
__Hbank0                 bank0        00000
__Hbank1                 bank1        00000
__Hbank10                bank10       00000
__Hbank11                bank11       00000
__Hbank12                bank12       00000
__Hbank13                bank13       00000
__Hbank14                bank14       00000
__Hbank15                bank15       00000
__Hbank16                bank16       00000
__Hbank17                bank17       00000
__Hbank18                bank18       00000
__Hbank19                bank19       00000
__Hbank2                 bank2        00000
__Hbank20                bank20       00000
__Hbank21                bank21       00000
__Hbank22                bank22       00000
__Hbank23                bank23       00000
__Hbank24                bank24       00000
__Hbank25                bank25       00000
__Hbank26                bank26       00000
__Hbank27                bank27       00000
__Hbank28                bank28       00000
__Hbank29                bank29       00000
__Hbank3                 bank3        00000
__Hbank30                bank30       00000
__Hbank31                bank31       00000
__Hbank4                 bank4        00000
__Hbank5                 bank5        00000
__Hbank6                 bank6        00000
__Hbank7                 bank7        00000
__Hbank8                 bank8        00000
__Hbank9                 bank9        00000
__Hbigram                bigram       00000
__HbssBANK0              bssBANK0     00000
__HbssCOMMON             bssCOMMON    00000
__Hcinit                 cinit        01000
__Hclrtext               clrtext      00000
__Hcode                  code         00000
__Hcommon                common       00000
__Hconfig                config       08009
__HcstackBANK0           cstackBANK0  00000
__HcstackCOMMON          cstackCOMMON 00000
__Heeprom_data           eeprom_data  00000
__Hend_init              end_init     00C09
__Hfunctab               functab      00000
__Hidloc                 idloc        00000
__Hinit                  init         00C07
__Hintentry              intentry     00C07
__Hmaintext              maintext     00000
__Hpowerup               powerup      00000
__Hram                   ram          00000
__Hreset_vec             reset_vec    00C07
__Hsfr0                  sfr0         00000
__Hsfr1                  sfr1         00000
__Hsfr10                 sfr10        00000
__Hsfr11                 sfr11        00000
__Hsfr12                 sfr12        00000
__Hsfr13                 sfr13        00000
__Hsfr14                 sfr14        00000
__Hsfr15                 sfr15        00000
__Hsfr16                 sfr16        00000
__Hsfr17                 sfr17        00000
__Hsfr18                 sfr18        00000
__Hsfr19                 sfr19        00000
__Hsfr2                  sfr2         00000
__Hsfr20                 sfr20        00000
__Hsfr21                 sfr21        00000
__Hsfr22                 sfr22        00000
__Hsfr23                 sfr23        00000
__Hsfr24                 sfr24        00000
__Hsfr25                 sfr25        00000
__Hsfr26                 sfr26        00000
__Hsfr27                 sfr27        00000
__Hsfr28                 sfr28        00000
__Hsfr29                 sfr29        00000
__Hsfr3                  sfr3         00000
__Hsfr30                 sfr30        00000
__Hsfr31                 sfr31        00000
__Hsfr4                  sfr4         00000
__Hsfr5                  sfr5         00000
__Hsfr6                  sfr6         00000
__Hsfr7                  sfr7         00000
__Hsfr8                  sfr8         00000
__Hsfr9                  sfr9         00000
__Hspace_0               (abs)        08009
__Hspace_1               (abs)        0007E
__Hspace_2               (abs)        00000
__Hspace_3               (abs)        00000
__Hstack                 stack        00000
__Hstrings               strings      00000
__Hstringtext1           stringtext1  00000
__Htext                  text         00000
__Labs1                  abs1         00000
__Lbank0                 bank0        00000
__Lbank1                 bank1        00000
__Lbank10                bank10       00000
__Lbank11                bank11       00000
__Lbank12                bank12       00000
__Lbank13                bank13       00000
__Lbank14                bank14       00000
__Lbank15                bank15       00000
__Lbank16                bank16       00000
__Lbank17                bank17       00000
__Lbank18                bank18       00000
__Lbank19                bank19       00000
__Lbank2                 bank2        00000
__Lbank20                bank20       00000
__Lbank21                bank21       00000
__Lbank22                bank22       00000
__Lbank23                bank23       00000
__Lbank24                bank24       00000
__Lbank25                bank25       00000
__Lbank26                bank26       00000
__Lbank27                bank27       00000
__Lbank28                bank28       00000
__Lbank29                bank29       00000
__Lbank3                 bank3        00000
__Lbank30                bank30       00000
__Lbank31                bank31       00000
__Lbank4                 bank4        00000
__Lbank5                 bank5        00000
__Lbank6                 bank6        00000
__Lbank7                 bank7        00000
__Lbank8                 bank8        00000
__Lbank9                 bank9        00000
__Lbigram                bigram       00000
__LbssBANK0              bssBANK0     00000
__LbssCOMMON             bssCOMMON    00000
__Lcinit                 cinit        00FF5
__Lclrtext               clrtext      00000
__Lcode                  code         00000
__Lcommon                common       00000
__Lconfig                config       08007
__LcstackBANK0           cstackBANK0  00000
__LcstackCOMMON          cstackCOMMON 00000
__Leeprom_data           eeprom_data  00000
__Lend_init              end_init     00C07
__Lfunctab               functab      00000
__Lidloc                 idloc        00000
__Linit                  init         00C07
__Lintentry              intentry     00C07
__Lmaintext              maintext     00000
__Lpowerup               powerup      00000
__Lram                   ram          00000
__Lreset_vec             reset_vec    00C04
__Lsfr0                  sfr0         00000
__Lsfr1                  sfr1         00000
__Lsfr10                 sfr10        00000
__Lsfr11                 sfr11        00000
__Lsfr12                 sfr12        00000
__Lsfr13                 sfr13        00000
__Lsfr14                 sfr14        00000
__Lsfr15                 sfr15        00000
__Lsfr16                 sfr16        00000
__Lsfr17                 sfr17        00000
__Lsfr18                 sfr18        00000
__Lsfr19                 sfr19        00000
__Lsfr2                  sfr2         00000
__Lsfr20                 sfr20        00000
__Lsfr21                 sfr21        00000
__Lsfr22                 sfr22        00000
__Lsfr23                 sfr23        00000
__Lsfr24                 sfr24        00000
__Lsfr25                 sfr25        00000
__Lsfr26                 sfr26        00000
__Lsfr27                 sfr27        00000
__Lsfr28                 sfr28        00000
__Lsfr29                 sfr29        00000
__Lsfr3                  sfr3         00000
__Lsfr30                 sfr30        00000
__Lsfr31                 sfr31        00000
__Lsfr4                  sfr4         00000
__Lsfr5                  sfr5         00000
__Lsfr6                  sfr6         00000
__Lsfr7                  sfr7         00000
__Lsfr8                  sfr8         00000
__Lsfr9                  sfr9         00000
__Lspace_0               (abs)        00000
__Lspace_1               (abs)        00000
__Lspace_2               (abs)        00000
__Lspace_3               (abs)        00000
__Lstack                 stack        00000
__Lstrings               strings      00000
__Lstringtext1           stringtext1  00000
__Ltext                  text         00000
__S0                     (abs)        08009
__S1                     (abs)        0007E
__S2                     (abs)        00000
___int_sp                stack        00000
___latbits               (abs)        00002
___sp                    stack        00000
__end_of__initialization cinit        00FFD
__end_of_fade            text6        00CD3
__end_of_initOsc         text5        00C50
__end_of_initPorts       text4        00C69
__end_of_main            maintext     00FF5
__end_of_maxLEDs         stringtext1  01001
__end_of_neoArray        text3        00DC7
__end_of_neoRGB          text7        00D25
__end_of_rainbow         text2        00EC2
__end_of_strobe          text1        00C9C
__initialization         cinit        00FF5
__pbssBANK0              bssBANK0     00020
__pbssCOMMON             bssCOMMON    0007D
__pcstackBANK0           cstackBANK0  0006B
__pcstackCOMMON          cstackCOMMON 00070
__pmaintext              maintext     00EC2
__pstringtext1           stringtext1  01000
__pswtext1               swtext1      00C09
__ptext1                 text1        00C69
__ptext2                 text2        00DC7
__ptext3                 text3        00D25
__ptext4                 text4        00C50
__ptext5                 text5        00C46
__ptext6                 text6        00C9C
__ptext7                 text7        00CD3
__size_of_fade           (abs)        00000
__size_of_initOsc        (abs)        00000
__size_of_initPorts      (abs)        00000
__size_of_main           (abs)        00000
__size_of_neoArray       (abs)        00000
__size_of_neoRGB         (abs)        00000
__size_of_rainbow        (abs)        00000
__size_of_strobe         (abs)        00000
_arrayIndex              bssCOMMON    0007D
_blueArray               bssBANK0     00038
_fade                    text6        00C9C
_greenArray              bssBANK0     00020
_initOsc                 text5        00C46
_initPorts               text4        00C50
_isOn                    bssBANK0     00068
_main                    maintext     00EC2
_maxLEDs                 stringtext1  01000
_mode                    bssBANK0     00069
_neoArray                text3        00D25
_neoRGB                  text7        00CD3
_rainbow                 text2        00DC7
_redArray                bssBANK0     00050
_strobe                  text1        00C69
_temp                    bssBANK0     0006A
btemp                    (abs)        0007E
clear_ram0               clrtext      00C40
end_of_initialization    cinit        00FFD
fade@arraySize           cstackCOMMON 0007B
fade@i                   cstackCOMMON 0007C
intlevel0                functab      00000
intlevel1                functab      00000
intlevel2                functab      00000
intlevel3                functab      00000
intlevel4                functab      00000
intlevel5                functab      00000
neoArray@arraySize       cstackCOMMON 00079
neoArray@i               cstackCOMMON 00076
neoArray@i_113           cstackCOMMON 00077
neoArray@i_114           cstackCOMMON 00078
neoArray@leds            cstackCOMMON 00070
neoArray@offset          cstackCOMMON 00071
neoArray@tempIndex       cstackCOMMON 00075
neoRGB@blue              cstackCOMMON 00071
neoRGB@green             cstackCOMMON 00070
neoRGB@i                 cstackCOMMON 00075
neoRGB@i_105             cstackCOMMON 00076
neoRGB@i_106             cstackCOMMON 00077
neoRGB@leds              cstackCOMMON 00072
neoRGB@red               cstackCOMMON 00074
rainbow@eighth           cstackCOMMON 00073
rainbow@half             cstackCOMMON 00071
rainbow@quarter          cstackCOMMON 00072
reset_vec                reset_vec    00C04
stackhi                  (abs)        023EF
stacklo                  (abs)        0204E
start                    init         00C07
start_initialization     cinit        00FF5
strobe@arraySize         cstackCOMMON 0007B
strobe@i                 cstackCOMMON 0007C
wtemp0                   (abs)        0007E


FUNCTION INFORMATION:

 *************** function _main *****************
 Defined at:
		line 115 in file "main.c"
 Parameters:    Size  Location     Type
		None
 Auto vars:     Size  Location     Type
		None
 Return value:  Size  Location     Type
                  2   97[None  ] int 
 Registers used:
		wreg, fsr0l, fsr0h, fsr1l, fsr1h, status,2, status,0, pclath, cstack
 Tracked objects:
		On entry : 
		On exit  : 
		Unchanged: 
 Data sizes:     COMMON   BANK0   BANK1   BANK2   BANK3   BANK4   BANK5   BANK6   BANK7   BANK8   BANK9  BANK10  BANK11  BANK12
      Params:         0       0       0       0       0       0       0       0       0       0       0       0       0       0
      Locals:         0       0       0       0       0       0       0       0       0       0       0       0       0       0
      Temps:          0       3       0       0       0       0       0       0       0       0       0       0       0       0
      Totals:         0       3       0       0       0       0       0       0       0       0       0       0       0       0
Total ram usage:        3 bytes
 Hardware stack levels required when called:    2
 This function calls:
		_fade
		_initOsc
		_initPorts
		_neoArray
		_neoRGB
		_rainbow
		_strobe
 This function is called by:
		Startup code after reset
 This function uses a non-reentrant model


 *************** function _strobe *****************
 Defined at:
		line 105 in file "main.c"
 Parameters:    Size  Location     Type
  arraySize       1    wreg     unsigned char 
 Auto vars:     Size  Location     Type
  arraySize       1   11[COMMON] unsigned char 
  i               1   12[COMMON] unsigned char 
 Return value:  Size  Location     Type
                  1    wreg      void 
 Registers used:
		wreg, fsr0l, fsr0h, fsr1l, fsr1h, status,2, status,0, pclath, cstack
 Tracked objects:
		On entry : 
		On exit  : 
		Unchanged: 
 Data sizes:     COMMON   BANK0   BANK1   BANK2   BANK3   BANK4   BANK5   BANK6   BANK7   BANK8   BANK9  BANK10  BANK11  BANK12
      Params:         0       0       0       0       0       0       0       0       0       0       0       0       0       0
      Locals:         2       0       0       0       0       0       0       0       0       0       0       0       0       0
      Temps:          3       0       0       0       0       0       0       0       0       0       0       0       0       0
      Totals:         5       0       0       0       0       0       0       0       0       0       0       0       0       0
Total ram usage:        5 bytes
 Hardware stack levels used:    1
 Hardware stack levels required when called:    1
 This function calls:
		_neoRGB
 This function is called by:
		_main
 This function uses a non-reentrant model


 *************** function _rainbow *****************
 Defined at:
		line 13 in file "main.c"
 Parameters:    Size  Location     Type
		None
 Auto vars:     Size  Location     Type
  eighth          1    3[COMMON] unsigned char 
  quarter         1    2[COMMON] unsigned char 
  half            1    1[COMMON] unsigned char 
 Return value:  Size  Location     Type
                  1    wreg      void 
 Registers used:
		wreg, status,2, status,0
 Tracked objects:
		On entry : 
		On exit  : 
		Unchanged: 
 Data sizes:     COMMON   BANK0   BANK1   BANK2   BANK3   BANK4   BANK5   BANK6   BANK7   BANK8   BANK9  BANK10  BANK11  BANK12
      Params:         0       0       0       0       0       0       0       0       0       0       0       0       0       0
      Locals:         3       0       0       0       0       0       0       0       0       0       0       0       0       0
      Temps:          1       0       0       0       0       0       0       0       0       0       0       0       0       0
      Totals:         4       0       0       0       0       0       0       0       0       0       0       0       0       0
Total ram usage:        4 bytes
 Hardware stack levels used:    1
 This function calls:
		Nothing
 This function is called by:
		_main
 This function uses a non-reentrant model


 *************** function _neoArray *****************
 Defined at:
		line 52 in file "neopixel.c"
 Parameters:    Size  Location     Type
  arraySize       1    wreg     unsigned char 
  leds            1    0[COMMON] unsigned char 
  offset          1    1[COMMON] char 
 Auto vars:     Size  Location     Type
  arraySize       1    9[COMMON] unsigned char 
  i               1    8[COMMON] unsigned char 
  i               1    7[COMMON] unsigned char 
  i               1    6[COMMON] unsigned char 
  tempIndex       1    5[COMMON] char 
 Return value:  Size  Location     Type
                  1    wreg      void 
 Registers used:
		wreg, fsr1l, fsr1h, status,2, status,0
 Tracked objects:
		On entry : 
		On exit  : 
		Unchanged: 
 Data sizes:     COMMON   BANK0   BANK1   BANK2   BANK3   BANK4   BANK5   BANK6   BANK7   BANK8   BANK9  BANK10  BANK11  BANK12
      Params:         2       0       0       0       0       0       0       0       0       0       0       0       0       0
      Locals:         5       0       0       0       0       0       0       0       0       0       0       0       0       0
      Temps:          3       0       0       0       0       0       0       0       0       0       0       0       0       0
      Totals:        10       0       0       0       0       0       0       0       0       0       0       0       0       0
Total ram usage:       10 bytes
 Hardware stack levels used:    1
 This function calls:
		Nothing
 This function is called by:
		_main
 This function uses a non-reentrant model


 *************** function _initPorts *****************
 Defined at:
		line 25 in file "UBMP2.c"
 Parameters:    Size  Location     Type
		None
 Auto vars:     Size  Location     Type
		None
 Return value:  Size  Location     Type
                  1    wreg      void 
 Registers used:
		wreg, status,2
 Tracked objects:
		On entry : 
		On exit  : 
		Unchanged: 
 Data sizes:     COMMON   BANK0   BANK1   BANK2   BANK3   BANK4   BANK5   BANK6   BANK7   BANK8   BANK9  BANK10  BANK11  BANK12
      Params:         0       0       0       0       0       0       0       0       0       0       0       0       0       0
      Locals:         0       0       0       0       0       0       0       0       0       0       0       0       0       0
      Temps:          0       0       0       0       0       0       0       0       0       0       0       0       0       0
      Totals:         0       0       0       0       0       0       0       0       0       0       0       0       0       0
Total ram usage:        0 bytes
 Hardware stack levels used:    1
 This function calls:
		Nothing
 This function is called by:
		_main
 This function uses a non-reentrant model


 *************** function _initOsc *****************
 Defined at:
		line 16 in file "UBMP2.c"
 Parameters:    Size  Location     Type
		None
 Auto vars:     Size  Location     Type
		None
 Return value:  Size  Location     Type
                  1    wreg      void 
 Registers used:
		wreg
 Tracked objects:
		On entry : 
		On exit  : 
		Unchanged: 
 Data sizes:     COMMON   BANK0   BANK1   BANK2   BANK3   BANK4   BANK5   BANK6   BANK7   BANK8   BANK9  BANK10  BANK11  BANK12
      Params:         0       0       0       0       0       0       0       0       0       0       0       0       0       0
      Locals:         0       0       0       0       0       0       0       0       0       0       0       0       0       0
      Temps:          0       0       0       0       0       0       0       0       0       0       0       0       0       0
      Totals:         0       0       0       0       0       0       0       0       0       0       0       0       0       0
Total ram usage:        0 bytes
 Hardware stack levels used:    1
 This function calls:
		Nothing
 This function is called by:
		_main
 This function uses a non-reentrant model


 *************** function _fade *****************
 Defined at:
		line 95 in file "main.c"
 Parameters:    Size  Location     Type
  arraySize       1    wreg     unsigned char 
 Auto vars:     Size  Location     Type
  arraySize       1   11[COMMON] unsigned char 
  i               1   12[COMMON] unsigned char 
 Return value:  Size  Location     Type
                  1    wreg      void 
 Registers used:
		wreg, fsr0l, fsr0h, fsr1l, fsr1h, status,2, status,0, pclath, cstack
 Tracked objects:
		On entry : 
		On exit  : 
		Unchanged: 
 Data sizes:     COMMON   BANK0   BANK1   BANK2   BANK3   BANK4   BANK5   BANK6   BANK7   BANK8   BANK9  BANK10  BANK11  BANK12
      Params:         0       0       0       0       0       0       0       0       0       0       0       0       0       0
      Locals:         2       0       0       0       0       0       0       0       0       0       0       0       0       0
      Temps:          3       0       0       0       0       0       0       0       0       0       0       0       0       0
      Totals:         5       0       0       0       0       0       0       0       0       0       0       0       0       0
Total ram usage:        5 bytes
 Hardware stack levels used:    1
 Hardware stack levels required when called:    1
 This function calls:
		_neoRGB
 This function is called by:
		_main
 This function uses a non-reentrant model


 *************** function _neoRGB *****************
 Defined at:
		line 4 in file "neopixel.c"
 Parameters:    Size  Location     Type
  red             1    wreg     unsigned char 
  green           1    0[COMMON] unsigned char 
  blue            1    1[COMMON] unsigned char 
  leds            1    2[COMMON] unsigned char 
 Auto vars:     Size  Location     Type
  red             1    4[COMMON] unsigned char 
  i               1    7[COMMON] unsigned char 
  i               1    6[COMMON] unsigned char 
  i               1    5[COMMON] unsigned char 
 Return value:  Size  Location     Type
                  1    wreg      void 
 Registers used:
		wreg, status,2, status,0
 Tracked objects:
		On entry : 
		On exit  : 
		Unchanged: 
 Data sizes:     COMMON   BANK0   BANK1   BANK2   BANK3   BANK4   BANK5   BANK6   BANK7   BANK8   BANK9  BANK10  BANK11  BANK12
      Params:         3       0       0       0       0       0       0       0       0       0       0       0       0       0
      Locals:         4       0       0       0       0       0       0       0       0       0       0       0       0       0
      Temps:          1       0       0       0       0       0       0       0       0       0       0       0       0       0
      Totals:         8       0       0       0       0       0       0       0       0       0       0       0       0       0
Total ram usage:        8 bytes
 Hardware stack levels used:    1
 This function calls:
		Nothing
 This function is called by:
		_fade
		_strobe
		_main
 This function uses a non-reentrant model



MODULE INFORMATION

Module		Function		Class		Link	Load	Size
UBMP2.c
		_initOsc       		CODE           	0C46	0000	11
		_initPorts     		CODE           	0C50	0000	26

UBMP2.c estimated size: 37

shared
		_maxLEDs       		STRCODE        	1000	0000	2
		__initialization		CODE           	0FF5	0000	9

shared estimated size: 11

neopixel.c
		_neoRGB        		CODE           	0CD3	0000	83
		_neoArray      		CODE           	0D25	0000	163

neopixel.c estimated size: 246

main.c
		_fade          		CODE           	0C9C	0000	56
		_rainbow       		CODE           	0DC7	0000	252
		_main          		CODE           	0EC2	0000	308
		_strobe        		CODE           	0C69	0000	52

main.c estimated size: 668

